// Jest Snapshot v1, https://goo.gl/fbAQLP

exports[`test handleRemove renders without crashing 1`] = `undefined`;
